menu_page1.c:14:6:Show_Page1_Screen1	8	static
menu_page1.c:26:6:Show_Page1_Screen2	8	static
menu_page1.c:38:6:Show_Page1_Screen3	8	static
menu_page1.c:52:6:Show_Page1_Screen4	8	static
menu_page1.c:66:6:Show_Page1_Screen5	8	static
menu_page1.c:80:6:Show_Page1_Screen	8	static
menu_page1.c:104:9:Page1_Screen1_Loop	48	static
menu_page1.c:240:9:Page1_Screen2_Loop	8	static
menu_page1.c:246:9:Page1_Screen3_Loop	32	static
menu_page1.c:272:9:Page1_Screen4_Loop	32	static
menu_page1.c:299:9:Page1_Screen5_Loop	16	static
menu_page1.c:335:9:Enter_Page1_Screen	8	static
