menu_page2.c:10:6:Show_Page2_Comman	24	static
menu_page2.c:48:6:Show_Page2_Screen1	8	static
menu_page2.c:57:6:Show_Page2_Screen2	8	static
menu_page2.c:75:6:Show_Page2_Screen3	24	static
menu_page2.c:90:6:Show_Page2_Screen4	24	static
menu_page2.c:104:6:Show_Page2	8	static
menu_page2.c:129:9:Page2_Screen1_Loop	8	static
menu_page2.c:135:9:Page2_Screen2_Loop	8	static
menu_page2.c:154:9:Page2_Screen3_Loop	16	static
menu_page2.c:172:9:Page2_Screen4_Loop	16	static
menu_page2.c:189:9:Enter_Page2_Screen	8	static
