soft_i2c.c:6:6:Soft_I2C_SDA_High	8	static
soft_i2c.c:12:6:Soft_I2C_SDA_Low	8	static
soft_i2c.c:18:9:Soft_I2C_SDA_Read	8	static
soft_i2c.c:23:6:Soft_I2C_SCL_High	8	static
soft_i2c.c:29:6:Soft_I2C_SCL_Low	8	static
soft_i2c.c:35:9:Soft_I2C_SCL_Read	8	static
soft_i2c.c:40:6:Soft_I2C_Init	48	static
soft_i2c.c:68:6:Soft_I2C_Delay	0	static,ignoring_inline_asm
soft_i2c.c:77:9:Soft_I2C_Start	8	static,ignoring_inline_asm
soft_i2c.c:95:6:Soft_I2C_Stop	8	static,ignoring_inline_asm
soft_i2c.c:104:9:Soft_I2C_Wait_ACK	16	static,ignoring_inline_asm
soft_i2c.c:130:6:Soft_I2C_ACK	8	static,ignoring_inline_asm
soft_i2c.c:142:6:Soft_I2C_NACK	8	static,ignoring_inline_asm
soft_i2c.c:154:9:Soft_I2C_Send_Byte	16	static,ignoring_inline_asm
soft_i2c.c:186:9:Soft_I2C_Receive_Byte	24	static,ignoring_inline_asm
soft_i2c.c:210:9:Soft_I2C_Write_Byte	32	static
soft_i2c.c:245:9:Soft_I2C_Read_Byte	32	static
soft_i2c.c:286:9:Soft_I2C_Write_Bytes	32	static
soft_i2c.c:324:9:Soft_I2C_Read_Bytes	32	static
soft_i2c.c:378:9:Soft_I2C_Scan	16	static
soft_i2c.c:398:9:Soft_I2C_Devices	16	static
