spot_welder_main.c:36:6:Update_Data_In_EEPROM	32	static
spot_welder_main.c:63:6:Read_Data_From_EEPROM	8	static
spot_welder_main.c:68:6:Set_Auto_Pulse_Delay	8	static
spot_welder_main.c:82:10:Get_Auto_Pulse_Delay	0	static
spot_welder_main.c:88:6:Set_Main_Pulse_Duration	8	static
spot_welder_main.c:102:10:Get_Main_Pulse_Duration	0	static
spot_welder_main.c:107:6:Set_Short_Pulse_Duration	8	static
spot_welder_main.c:121:10:Get_Short_Pulse_Duration	0	static
spot_welder_main.c:127:6:Set_Batt_Alarm	8	static
spot_welder_main.c:141:10:Get_Batt_Alarm	0	static
spot_welder_main.c:146:6:Disable_Welder	0	static
spot_welder_main.c:151:9:Get_Welder_Status	0	static
spot_welder_main.c:156:6:Disable_Auto_Welder	8	static
spot_welder_main.c:162:6:Enable_Auto_Welder	8	static
spot_welder_main.c:168:9:Get_Auto_Status	0	static
spot_welder_main.c:173:6:Increment_Weld_Count	8	static
spot_welder_main.c:179:10:Get_Weld_Count	0	static
spot_welder_main.c:184:9:Get_Foot_Switch_Status	8	static
spot_welder_main.c:193:9:Get_Auto_Puse_In_Status	8	static
spot_welder_main.c:202:6:Reset_Welder_Data	8	static
spot_welder_main.c:212:6:Foot_Switch_Callback	0	static
spot_welder_main.c:220:6:Auto_Pulse_In_Callback	0	static
spot_welder_main.c:228:6:Spot_Welder_Main	8	static
