spot_welder_main.c:142:6:Foot_Switch_Callback	0	static
spot_welder_main.c:37:6:Systic_Callback	8	static
spot_welder_main.c:43:6:Set_Auto_Pulse_Delay	0	static
spot_welder_main.c:56:10:Get_Auto_Pulse_Delay	0	static
spot_welder_main.c:62:6:Set_Main_Pulse_Duration	0	static
spot_welder_main.c:75:10:Get_Main_Pulse_Duration	0	static
spot_welder_main.c:80:6:Set_Short_Pulse_Duration	0	static
spot_welder_main.c:93:10:Get_Short_Pulse_Duration	0	static
spot_welder_main.c:99:6:Set_Batt_Alarm	0	static
spot_welder_main.c:112:10:Get_Batt_Alarm	0	static
spot_welder_main.c:117:6:Disble_Welder	0	static
spot_welder_main.c:122:9:Get_Welder_Status	0	static
spot_welder_main.c:127:6:Disble_Auto_Welder	0	static
spot_welder_main.c:132:6:Enable_Auto_Welder	0	static
spot_welder_main.c:137:9:Get_Auto_Status	0	static
spot_welder_main.c:151:6:Spot_Welder_Main	16	static
