spot_welder_main.c:33:6:Systic_Callback	8	static
spot_welder_main.c:39:6:Set_Auto_Pulse_Delay	0	static
spot_welder_main.c:52:10:Get_Auto_Pulse_Delay	0	static
spot_welder_main.c:58:6:Set_Main_Pulse_Duration	0	static
spot_welder_main.c:71:10:Get_Main_Pulse_Duration	0	static
spot_welder_main.c:76:6:Set_Short_Pulse_Duration	0	static
spot_welder_main.c:89:10:Get_Short_Pulse_Duration	0	static
spot_welder_main.c:95:6:Set_Batt_Alarm	0	static
spot_welder_main.c:108:10:Get_Batt_Alarm	0	static
spot_welder_main.c:113:6:Disble_Welder	0	static
spot_welder_main.c:118:9:Get_Welder_Status	0	static
spot_welder_main.c:123:6:Disble_Auto_Welder	0	static
spot_welder_main.c:128:6:Enable_Auto_Welder	0	static
spot_welder_main.c:133:9:Get_Auto_Status	0	static
spot_welder_main.c:138:9:Get_Foot_Switch_Status	8	static
spot_welder_main.c:147:9:Get_Auto_Puse_In_Status	8	static
spot_welder_main.c:156:6:Spot_Welder_Main	8	static
