spot_welder_main.c:140:6:Foot_Switch_Callback	0	static
spot_welder_main.c:35:6:Systic_Callback	8	static
spot_welder_main.c:41:6:Set_Auto_Pulse_Delay	0	static
spot_welder_main.c:54:10:Get_Auto_Pulse_Delay	0	static
spot_welder_main.c:60:6:Set_Main_Pulse_Duration	0	static
spot_welder_main.c:73:10:Get_Main_Pulse_Duration	0	static
spot_welder_main.c:78:6:Set_Short_Pulse_Duration	0	static
spot_welder_main.c:91:10:Get_Short_Pulse_Duration	0	static
spot_welder_main.c:97:6:Set_Batt_Alarm	0	static
spot_welder_main.c:110:10:Get_Batt_Alarm	0	static
spot_welder_main.c:115:6:Disble_Welder	0	static
spot_welder_main.c:120:9:Get_Welder_Status	0	static
spot_welder_main.c:125:6:Disble_Auto_Welder	0	static
spot_welder_main.c:130:6:Enable_Auto_Welder	0	static
spot_welder_main.c:135:9:Get_Auto_Status	0	static
spot_welder_main.c:149:6:Spot_Welder_Main	16	static
