spot_welder_main.c:121:6:Encoder_Buttorn_Callback	0	static
spot_welder_main.c:134:6:Foot_Switch_Callback	0	static
spot_welder_main.c:33:6:Systic_Callback	8	static
spot_welder_main.c:64:6:Set_Auto_Pulse_Delay	0	static
spot_welder_main.c:77:10:Get_Auto_Pulse_Delay	0	static
spot_welder_main.c:83:6:Set_Pulse_Duration	0	static
spot_welder_main.c:96:10:Get_Pulse_Duration	0	static
spot_welder_main.c:102:6:Set_Batt_Alarm	8	static
spot_welder_main.c:115:10:Get_Batt_Alarm	8	static
spot_welder_main.c:126:6:Spot_Welder_Give_Pusle	16	static
spot_welder_main.c:140:6:Show_Page1_Menu1	8	static
spot_welder_main.c:153:6:Show_Page1_Menu2	8	static
spot_welder_main.c:165:6:Show_Page1_Menu3	8	static
spot_welder_main.c:179:6:Show_Page1_Menu4	8	static
spot_welder_main.c:280:6:Page1	8	static
spot_welder_main.c:193:6:Show_Page1_Menu5	0	static
spot_welder_main.c:198:6:Show_Page2_Comman	24	static
spot_welder_main.c:230:6:Show_Page2_Menu1	8	static
spot_welder_main.c:240:6:Show_Page2_Menu2	8	static
spot_welder_main.c:251:6:Show_Page2_Menu3	24	static
spot_welder_main.c:266:6:Show_Page2_Menu4	24	static
spot_welder_main.c:309:6:Page2	8	static
spot_welder_main.c:339:6:Execute_Page1_Menu1	48	static
spot_welder_main.c:393:6:Execute_Page1_Menu2	0	static
spot_welder_main.c:400:6:Execute_Page1_Menu3	24	static
spot_welder_main.c:525:6:Page1_Menus	8	static
spot_welder_main.c:433:6:Execute_Page1_Menu4	0	static
spot_welder_main.c:438:6:Execute_Page1_Menu5	0	static
spot_welder_main.c:444:6:Execute_Page2_Menu1	0	static
spot_welder_main.c:450:6:Execute_Page2_Menu2	0	static
spot_welder_main.c:466:6:Execute_Page2_Menu3	16	static
spot_welder_main.c:495:6:Execute_Page2_Menu4	16	static
spot_welder_main.c:547:6:Page2_Menus	8	static
spot_welder_main.c:566:6:Spot_Welder_Main	24	static
