spot_welder_main.c:192:6:Foot_Switch_Callback	0	static
spot_welder_main.c:200:6:Auto_Pulse_In_Callback	0	static
spot_welder_main.c:37:6:Update_Data_In_EEPROM	32	static
spot_welder_main.c:64:6:Read_Data_From_EEPROM	8	static
spot_welder_main.c:69:6:Set_Auto_Pulse_Delay	8	static
spot_welder_main.c:83:10:Get_Auto_Pulse_Delay	0	static
spot_welder_main.c:89:6:Set_Main_Pulse_Duration	8	static
spot_welder_main.c:103:10:Get_Main_Pulse_Duration	0	static
spot_welder_main.c:108:6:Set_Short_Pulse_Duration	8	static
spot_welder_main.c:122:10:Get_Short_Pulse_Duration	0	static
spot_welder_main.c:128:6:Set_Batt_Alarm	8	static
spot_welder_main.c:142:10:Get_Batt_Alarm	0	static
spot_welder_main.c:147:6:Disble_Welder	0	static
spot_welder_main.c:152:9:Get_Welder_Status	0	static
spot_welder_main.c:157:6:Disble_Auto_Welder	8	static
spot_welder_main.c:163:6:Enable_Auto_Welder	8	static
spot_welder_main.c:169:9:Get_Auto_Status	0	static
spot_welder_main.c:174:9:Get_Foot_Switch_Status	8	static
spot_welder_main.c:183:9:Get_Auto_Puse_In_Status	8	static
spot_welder_main.c:208:6:Spot_Welder_Main	16	static
