spot_welder_main.c:184:6:Foot_Switch_Callback	0	static
spot_welder_main.c:192:6:Auto_Pulse_In_Callback	0	static
spot_welder_main.c:37:6:Update_Data_In_EEPROM	32	static
spot_welder_main.c:56:6:Read_Data_From_EEPROM	8	static
spot_welder_main.c:61:6:Set_Auto_Pulse_Delay	8	static
spot_welder_main.c:75:10:Get_Auto_Pulse_Delay	0	static
spot_welder_main.c:81:6:Set_Main_Pulse_Duration	8	static
spot_welder_main.c:95:10:Get_Main_Pulse_Duration	0	static
spot_welder_main.c:100:6:Set_Short_Pulse_Duration	8	static
spot_welder_main.c:114:10:Get_Short_Pulse_Duration	0	static
spot_welder_main.c:120:6:Set_Batt_Alarm	8	static
spot_welder_main.c:134:10:Get_Batt_Alarm	0	static
spot_welder_main.c:139:6:Disble_Welder	0	static
spot_welder_main.c:144:9:Get_Welder_Status	0	static
spot_welder_main.c:149:6:Disble_Auto_Welder	8	static
spot_welder_main.c:155:6:Enable_Auto_Welder	8	static
spot_welder_main.c:161:9:Get_Auto_Status	0	static
spot_welder_main.c:166:9:Get_Foot_Switch_Status	8	static
spot_welder_main.c:175:9:Get_Auto_Puse_In_Status	8	static
spot_welder_main.c:200:6:Spot_Welder_Main	16	static
