spot_welder_main.c:32:6:Set_Auto_Pulse_Delay	0	static
spot_welder_main.c:45:10:Get_Auto_Pulse_Delay	0	static
spot_welder_main.c:51:6:Set_Main_Pulse_Duration	0	static
spot_welder_main.c:64:10:Get_Main_Pulse_Duration	0	static
spot_welder_main.c:69:6:Set_Short_Pulse_Duration	0	static
spot_welder_main.c:82:10:Get_Short_Pulse_Duration	0	static
spot_welder_main.c:88:6:Set_Batt_Alarm	0	static
spot_welder_main.c:101:10:Get_Batt_Alarm	0	static
spot_welder_main.c:106:6:Disble_Welder	0	static
spot_welder_main.c:111:9:Get_Welder_Status	0	static
spot_welder_main.c:116:6:Disble_Auto_Welder	0	static
spot_welder_main.c:121:6:Enable_Auto_Welder	0	static
spot_welder_main.c:126:9:Get_Auto_Status	0	static
spot_welder_main.c:131:9:Get_Foot_Switch_Status	8	static
spot_welder_main.c:140:9:Get_Auto_Puse_In_Status	8	static
spot_welder_main.c:149:6:Spot_Welder_Main	8	static
