spot_welder_main.c:214:6:Foot_Switch_Callback	0	static
spot_welder_main.c:222:6:Auto_Pulse_In_Callback	0	static
spot_welder_main.c:38:6:Update_Data_In_EEPROM	32	static
spot_welder_main.c:65:6:Read_Data_From_EEPROM	8	static
spot_welder_main.c:70:6:Set_Auto_Pulse_Delay	8	static
spot_welder_main.c:84:10:Get_Auto_Pulse_Delay	0	static
spot_welder_main.c:90:6:Set_Main_Pulse_Duration	8	static
spot_welder_main.c:104:10:Get_Main_Pulse_Duration	0	static
spot_welder_main.c:109:6:Set_Short_Pulse_Duration	8	static
spot_welder_main.c:123:10:Get_Short_Pulse_Duration	0	static
spot_welder_main.c:129:6:Set_Batt_Alarm	8	static
spot_welder_main.c:143:10:Get_Batt_Alarm	0	static
spot_welder_main.c:148:6:Disble_Welder	0	static
spot_welder_main.c:153:9:Get_Welder_Status	0	static
spot_welder_main.c:158:6:Disble_Auto_Welder	8	static
spot_welder_main.c:164:6:Enable_Auto_Welder	8	static
spot_welder_main.c:170:9:Get_Auto_Status	0	static
spot_welder_main.c:175:6:Increment_Weld_Count	8	static
spot_welder_main.c:181:10:Get_Weld_Count	0	static
spot_welder_main.c:186:9:Get_Foot_Switch_Status	8	static
spot_welder_main.c:195:9:Get_Auto_Puse_In_Status	8	static
spot_welder_main.c:204:6:Reset_Welder_Data	8	static
spot_welder_main.c:230:6:Spot_Welder_Main	16	static
