stm32f0xx_hal_adc.c:2253:26:ADC_Disable	16	static
stm32f0xx_hal_adc.c:2188:26:ADC_Enable	24	static
stm32f0xx_hal_adc.c:2310:26:ADC_ConversionStop	16	static
stm32f0xx_hal_adc.c:774:13:HAL_ADC_MspInit	0	static
stm32f0xx_hal_adc.c:406:19:HAL_ADC_Init	24	static
stm32f0xx_hal_adc.c:789:13:HAL_ADC_MspDeInit	0	static
stm32f0xx_hal_adc.c:648:19:HAL_ADC_DeInit	16	static
stm32f0xx_hal_adc.c:1027:19:HAL_ADC_Start	16	static
stm32f0xx_hal_adc.c:1092:19:HAL_ADC_Stop	16	static
stm32f0xx_hal_adc.c:1146:19:HAL_ADC_PollForConversion	24	static
stm32f0xx_hal_adc.c:1266:19:HAL_ADC_PollForEvent	24	static
stm32f0xx_hal_adc.c:1342:19:HAL_ADC_Start_IT	16	static
stm32f0xx_hal_adc.c:1423:19:HAL_ADC_Stop_IT	16	static
stm32f0xx_hal_adc.c:1476:19:HAL_ADC_Start_DMA	32	static
stm32f0xx_hal_adc.c:1565:19:HAL_ADC_Stop_DMA	24	static
stm32f0xx_hal_adc.c:1647:10:HAL_ADC_GetValue	0	static
stm32f0xx_hal_adc.c:1789:13:HAL_ADC_ConvCpltCallback	0	static
stm32f0xx_hal_adc.c:2361:13:ADC_DMAConvCplt	8	static
stm32f0xx_hal_adc.c:1804:13:HAL_ADC_ConvHalfCpltCallback	0	static
stm32f0xx_hal_adc.c:2426:13:ADC_DMAHalfConvCplt	8	static
stm32f0xx_hal_adc.c:1819:13:HAL_ADC_LevelOutOfWindowCallback	0	static
stm32f0xx_hal_adc.c:1835:13:HAL_ADC_ErrorCallback	0	static
stm32f0xx_hal_adc.c:2444:13:ADC_DMAError	8	static
stm32f0xx_hal_adc.c:1664:6:HAL_ADC_IRQHandler	16	static
stm32f0xx_hal_adc.c:1889:19:HAL_ADC_ConfigChannel	40	static
stm32f0xx_hal_adc.c:2022:19:HAL_ADC_AnalogWDGConfig	20	static
stm32f0xx_hal_adc.c:2144:10:HAL_ADC_GetState	0	static
stm32f0xx_hal_adc.c:2158:10:HAL_ADC_GetError	0	static
