stm32f0xx_hal_cortex.c:136:6:HAL_NVIC_SetPriority	12	static
stm32f0xx_hal_cortex.c:152:6:HAL_NVIC_EnableIRQ	0	static
stm32f0xx_hal_cortex.c:168:6:HAL_NVIC_DisableIRQ	0	static,ignoring_inline_asm
stm32f0xx_hal_cortex.c:181:6:HAL_NVIC_SystemReset	0	static,ignoring_inline_asm
stm32f0xx_hal_cortex.c:194:10:HAL_SYSTICK_Config	0	static
stm32f0xx_hal_cortex.c:226:10:HAL_NVIC_GetPriority	0	static
stm32f0xx_hal_cortex.c:239:6:HAL_NVIC_SetPendingIRQ	0	static
stm32f0xx_hal_cortex.c:257:10:HAL_NVIC_GetPendingIRQ	0	static
stm32f0xx_hal_cortex.c:273:6:HAL_NVIC_ClearPendingIRQ	0	static
stm32f0xx_hal_cortex.c:290:6:HAL_SYSTICK_CLKSourceConfig	0	static
stm32f0xx_hal_cortex.c:317:13:HAL_SYSTICK_Callback	0	static
stm32f0xx_hal_cortex.c:308:6:HAL_SYSTICK_IRQHandler	8	static
